// Jest Snapshot v1, https://goo.gl/fbAQLP

exports[`# QuestionsPage container 1`] = `
ShallowWrapper {
  "length": 1,
  Symbol(enzyme.__root__): [Circular],
  Symbol(enzyme.__unrendered__): <QuestionsPage
    store={
        Object {
            "clearActions": [Function],
            "dispatch": [Function],
            "getActions": [Function],
            "getState": [Function],
            "replaceReducer": [Function],
            "subscribe": [Function],
          }
    }
/>,
  Symbol(enzyme.__renderer__): Object {
    "batchedUpdates": [Function],
    "getNode": [Function],
    "render": [Function],
    "simulateEvent": [Function],
    "unmount": [Function],
  },
  Symbol(enzyme.__node__): Object {
    "instance": null,
    "key": undefined,
    "nodeType": "class",
    "props": Object {
      "children": Array [
        <div
          className="nav"
>
          <Navbar
                    store={
                              Object {
                                        "clearActions": [Function],
                                        "dispatch": [Function],
                                        "getActions": [Function],
                                        "getState": [Function],
                                        "replaceReducer": [Function],
                                        "subscribe": [Function],
                                      }
                    }
          />
</div>,
        <styled.button
          onClick={[Function]}
>
          Ask a Question
</styled.button>,
        <Ask
          store={
                    Object {
                              "clearActions": [Function],
                              "dispatch": [Function],
                              "getActions": [Function],
                              "getState": [Function],
                              "replaceReducer": [Function],
                              "subscribe": [Function],
                            }
          }
/>,
      ],
    },
    "ref": null,
    "rendered": Array [
      Object {
        "instance": null,
        "key": undefined,
        "nodeType": "host",
        "props": Object {
          "children": <Navbar
            store={
                        Object {
                                    "clearActions": [Function],
                                    "dispatch": [Function],
                                    "getActions": [Function],
                                    "getState": [Function],
                                    "replaceReducer": [Function],
                                    "subscribe": [Function],
                                  }
            }
/>,
          "className": "nav",
        },
        "ref": null,
        "rendered": Object {
          "instance": null,
          "key": undefined,
          "nodeType": "function",
          "props": Object {
            "store": Object {
              "clearActions": [Function],
              "dispatch": [Function],
              "getActions": [Function],
              "getState": [Function],
              "replaceReducer": [Function],
              "subscribe": [Function],
            },
          },
          "ref": null,
          "rendered": null,
          "type": [Function],
        },
        "type": "div",
      },
      Object {
        "instance": null,
        "key": undefined,
        "nodeType": "class",
        "props": Object {
          "children": "Ask a Question",
          "onClick": [Function],
        },
        "ref": null,
        "rendered": "Ask a Question",
        "type": [Function],
      },
      Object {
        "instance": null,
        "key": undefined,
        "nodeType": "function",
        "props": Object {
          "store": Object {
            "clearActions": [Function],
            "dispatch": [Function],
            "getActions": [Function],
            "getState": [Function],
            "replaceReducer": [Function],
            "subscribe": [Function],
          },
        },
        "ref": null,
        "rendered": null,
        "type": [Function],
      },
    ],
    "type": [Function],
  },
  Symbol(enzyme.__nodes__): Array [
    Object {
      "instance": null,
      "key": undefined,
      "nodeType": "class",
      "props": Object {
        "children": Array [
          <div
            className="nav"
>
            <Navbar
                        store={
                                    Object {
                                                "clearActions": [Function],
                                                "dispatch": [Function],
                                                "getActions": [Function],
                                                "getState": [Function],
                                                "replaceReducer": [Function],
                                                "subscribe": [Function],
                                              }
                        }
            />
</div>,
          <styled.button
            onClick={[Function]}
>
            Ask a Question
</styled.button>,
          <Ask
            store={
                        Object {
                                    "clearActions": [Function],
                                    "dispatch": [Function],
                                    "getActions": [Function],
                                    "getState": [Function],
                                    "replaceReducer": [Function],
                                    "subscribe": [Function],
                                  }
            }
/>,
        ],
      },
      "ref": null,
      "rendered": Array [
        Object {
          "instance": null,
          "key": undefined,
          "nodeType": "host",
          "props": Object {
            "children": <Navbar
              store={
                            Object {
                                          "clearActions": [Function],
                                          "dispatch": [Function],
                                          "getActions": [Function],
                                          "getState": [Function],
                                          "replaceReducer": [Function],
                                          "subscribe": [Function],
                                        }
              }
/>,
            "className": "nav",
          },
          "ref": null,
          "rendered": Object {
            "instance": null,
            "key": undefined,
            "nodeType": "function",
            "props": Object {
              "store": Object {
                "clearActions": [Function],
                "dispatch": [Function],
                "getActions": [Function],
                "getState": [Function],
                "replaceReducer": [Function],
                "subscribe": [Function],
              },
            },
            "ref": null,
            "rendered": null,
            "type": [Function],
          },
          "type": "div",
        },
        Object {
          "instance": null,
          "key": undefined,
          "nodeType": "class",
          "props": Object {
            "children": "Ask a Question",
            "onClick": [Function],
          },
          "ref": null,
          "rendered": "Ask a Question",
          "type": [Function],
        },
        Object {
          "instance": null,
          "key": undefined,
          "nodeType": "function",
          "props": Object {
            "store": Object {
              "clearActions": [Function],
              "dispatch": [Function],
              "getActions": [Function],
              "getState": [Function],
              "replaceReducer": [Function],
              "subscribe": [Function],
            },
          },
          "ref": null,
          "rendered": null,
          "type": [Function],
        },
      ],
      "type": [Function],
    },
  ],
  Symbol(enzyme.__options__): Object {
    "adapter": ReactSixteenAdapter {
      "options": Object {
        "enableComponentDidUpdateOnSetState": true,
      },
    },
  },
}
`;
